Analysis & Synthesis report for Square-root_approximation
Thu Jun 08 12:40:49 2023
Quartus II 64-Bit Version 13.0.1 Build 232 06/12/2013 Service Pack 1 SJ Web Edition


---------------------
; Table of Contents ;
---------------------
  1. Legal Notice
  2. Analysis & Synthesis Summary
  3. Analysis & Synthesis Settings
  4. Parallel Compilation
  5. Analysis & Synthesis Source Files Read
  6. Analysis & Synthesis Resource Usage Summary
  7. Analysis & Synthesis Resource Utilization by Entity
  8. General Register Statistics
  9. Multiplexer Restructuring Statistics (Restructuring Performed)
 10. Parameter Settings for User Entity Instance: Datapath:inst|Mux_3to1_8bit:inst6|BUSMUX:inst2
 11. Parameter Settings for User Entity Instance: Datapath:inst|Mux_3to1_8bit:inst6|BUSMUX:inst
 12. Parameter Settings for User Entity Instance: Datapath:inst|Absolute_8bit:inst5|BUSMUX:inst1
 13. Parameter Settings for User Entity Instance: Datapath:inst|Max_8bit:inst|BUSMUX:inst1
 14. Parameter Settings for User Entity Instance: Datapath:inst|Mux_5to1_8bit:inst23|BUSMUX:inst4
 15. Parameter Settings for User Entity Instance: Datapath:inst|Mux_5to1_8bit:inst23|BUSMUX:inst2
 16. Parameter Settings for User Entity Instance: Datapath:inst|Mux_5to1_8bit:inst23|BUSMUX:inst
 17. Parameter Settings for User Entity Instance: Datapath:inst|Mux_5to1_8bit:inst23|BUSMUX:inst1
 18. Parameter Settings for User Entity Instance: Datapath:inst|Min_8bit:inst1|BUSMUX:inst1
 19. Parameter Settings for User Entity Instance: Datapath:inst|Absolute_8bit:inst4|BUSMUX:inst1
 20. Parameter Settings for User Entity Instance: Datapath:inst|BUSMUX:inst8
 21. Elapsed Time Per Partition
 22. Analysis & Synthesis Messages



----------------
; Legal Notice ;
----------------
Copyright (C) 1991-2013 Altera Corporation
Your use of Altera Corporation's design tools, logic functions 
and other software and tools, and its AMPP partner logic 
functions, and any output files from any of the foregoing 
(including device programming or simulation files), and any 
associated documentation or information are expressly subject 
to the terms and conditions of the Altera Program License 
Subscription Agreement, Altera MegaCore Function License 
Agreement, or other applicable license agreement, including, 
without limitation, that your use is for the sole purpose of 
programming logic devices manufactured by Altera and sold by 
Altera or its authorized distributors.  Please refer to the 
applicable agreement for further details.



+--------------------------------------------------------------------------------------+
; Analysis & Synthesis Summary                                                         ;
+------------------------------------+-------------------------------------------------+
; Analysis & Synthesis Status        ; Successful - Thu Jun 08 12:40:49 2023           ;
; Quartus II 64-Bit Version          ; 13.0.1 Build 232 06/12/2013 SP 1 SJ Web Edition ;
; Revision Name                      ; Square-root_approximation                       ;
; Top-level Entity Name              ; Square-root_approximation                       ;
; Family                             ; Cyclone II                                      ;
; Total logic elements               ; 106                                             ;
;     Total combinational functions  ; 106                                             ;
;     Dedicated logic registers      ; 27                                              ;
; Total registers                    ; 27                                              ;
; Total pins                         ; 29                                              ;
; Total virtual pins                 ; 0                                               ;
; Total memory bits                  ; 0                                               ;
; Embedded Multiplier 9-bit elements ; 0                                               ;
; Total PLLs                         ; 0                                               ;
+------------------------------------+-------------------------------------------------+


+------------------------------------------------------------------------------------------------------------------------------------+
; Analysis & Synthesis Settings                                                                                                      ;
+----------------------------------------------------------------------------+---------------------------+---------------------------+
; Option                                                                     ; Setting                   ; Default Value             ;
+----------------------------------------------------------------------------+---------------------------+---------------------------+
; Device                                                                     ; EP2C35F672C6              ;                           ;
; Top-level entity name                                                      ; Square-root_approximation ; Square-root_approximation ;
; Family name                                                                ; Cyclone II                ; Cyclone IV GX             ;
; Use smart compilation                                                      ; Off                       ; Off                       ;
; Enable parallel Assembler and TimeQuest Timing Analyzer during compilation ; On                        ; On                        ;
; Enable compact report table                                                ; Off                       ; Off                       ;
; Restructure Multiplexers                                                   ; Auto                      ; Auto                      ;
; Create Debugging Nodes for IP Cores                                        ; Off                       ; Off                       ;
; Preserve fewer node names                                                  ; On                        ; On                        ;
; Disable OpenCore Plus hardware evaluation                                  ; Off                       ; Off                       ;
; Verilog Version                                                            ; Verilog_2001              ; Verilog_2001              ;
; VHDL Version                                                               ; VHDL_1993                 ; VHDL_1993                 ;
; State Machine Processing                                                   ; Auto                      ; Auto                      ;
; Safe State Machine                                                         ; Off                       ; Off                       ;
; Extract Verilog State Machines                                             ; On                        ; On                        ;
; Extract VHDL State Machines                                                ; On                        ; On                        ;
; Ignore Verilog initial constructs                                          ; Off                       ; Off                       ;
; Iteration limit for constant Verilog loops                                 ; 5000                      ; 5000                      ;
; Iteration limit for non-constant Verilog loops                             ; 250                       ; 250                       ;
; Add Pass-Through Logic to Inferred RAMs                                    ; On                        ; On                        ;
; Infer RAMs from Raw Logic                                                  ; On                        ; On                        ;
; Parallel Synthesis                                                         ; On                        ; On                        ;
; DSP Block Balancing                                                        ; Auto                      ; Auto                      ;
; NOT Gate Push-Back                                                         ; On                        ; On                        ;
; Power-Up Don't Care                                                        ; On                        ; On                        ;
; Remove Redundant Logic Cells                                               ; Off                       ; Off                       ;
; Remove Duplicate Registers                                                 ; On                        ; On                        ;
; Ignore CARRY Buffers                                                       ; Off                       ; Off                       ;
; Ignore CASCADE Buffers                                                     ; Off                       ; Off                       ;
; Ignore GLOBAL Buffers                                                      ; Off                       ; Off                       ;
; Ignore ROW GLOBAL Buffers                                                  ; Off                       ; Off                       ;
; Ignore LCELL Buffers                                                       ; Off                       ; Off                       ;
; Ignore SOFT Buffers                                                        ; On                        ; On                        ;
; Limit AHDL Integers to 32 Bits                                             ; Off                       ; Off                       ;
; Optimization Technique                                                     ; Balanced                  ; Balanced                  ;
; Carry Chain Length                                                         ; 70                        ; 70                        ;
; Auto Carry Chains                                                          ; On                        ; On                        ;
; Auto Open-Drain Pins                                                       ; On                        ; On                        ;
; Perform WYSIWYG Primitive Resynthesis                                      ; Off                       ; Off                       ;
; Auto ROM Replacement                                                       ; On                        ; On                        ;
; Auto RAM Replacement                                                       ; On                        ; On                        ;
; Auto Shift Register Replacement                                            ; Auto                      ; Auto                      ;
; Allow Shift Register Merging across Hierarchies                            ; Auto                      ; Auto                      ;
; Auto Clock Enable Replacement                                              ; On                        ; On                        ;
; Strict RAM Replacement                                                     ; Off                       ; Off                       ;
; Allow Synchronous Control Signals                                          ; On                        ; On                        ;
; Force Use of Synchronous Clear Signals                                     ; Off                       ; Off                       ;
; Auto RAM to Logic Cell Conversion                                          ; Off                       ; Off                       ;
; Auto Resource Sharing                                                      ; Off                       ; Off                       ;
; Allow Any RAM Size For Recognition                                         ; Off                       ; Off                       ;
; Allow Any ROM Size For Recognition                                         ; Off                       ; Off                       ;
; Allow Any Shift Register Size For Recognition                              ; Off                       ; Off                       ;
; Use LogicLock Constraints during Resource Balancing                        ; On                        ; On                        ;
; Ignore translate_off and synthesis_off directives                          ; Off                       ; Off                       ;
; Timing-Driven Synthesis                                                    ; Off                       ; Off                       ;
; Report Parameter Settings                                                  ; On                        ; On                        ;
; Report Source Assignments                                                  ; On                        ; On                        ;
; Report Connectivity Checks                                                 ; On                        ; On                        ;
; Ignore Maximum Fan-Out Assignments                                         ; Off                       ; Off                       ;
; Synchronization Register Chain Length                                      ; 2                         ; 2                         ;
; PowerPlay Power Optimization                                               ; Normal compilation        ; Normal compilation        ;
; HDL message level                                                          ; Level2                    ; Level2                    ;
; Suppress Register Optimization Related Messages                            ; Off                       ; Off                       ;
; Number of Removed Registers Reported in Synthesis Report                   ; 5000                      ; 5000                      ;
; Number of Swept Nodes Reported in Synthesis Report                         ; 5000                      ; 5000                      ;
; Number of Inverted Registers Reported in Synthesis Report                  ; 100                       ; 100                       ;
; Clock MUX Protection                                                       ; On                        ; On                        ;
; Auto Gated Clock Conversion                                                ; Off                       ; Off                       ;
; Block Design Naming                                                        ; Auto                      ; Auto                      ;
; SDC constraint protection                                                  ; Off                       ; Off                       ;
; Synthesis Effort                                                           ; Auto                      ; Auto                      ;
; Shift Register Replacement - Allow Asynchronous Clear Signal               ; On                        ; On                        ;
; Pre-Mapping Resynthesis Optimization                                       ; Off                       ; Off                       ;
; Analysis & Synthesis Message Level                                         ; Medium                    ; Medium                    ;
; Disable Register Merging Across Hierarchies                                ; Auto                      ; Auto                      ;
; Resource Aware Inference For Block RAM                                     ; On                        ; On                        ;
; Synthesis Seed                                                             ; 1                         ; 1                         ;
+----------------------------------------------------------------------------+---------------------------+---------------------------+


Parallel compilation was disabled, but you have multiple processors available. Enable parallel compilation to reduce compilation time.
+-------------------------------------+
; Parallel Compilation                ;
+----------------------------+--------+
; Processors                 ; Number ;
+----------------------------+--------+
; Number detected on machine ; 16     ;
; Maximum allowed            ; 1      ;
+----------------------------+--------+


+--------------------------------------------------------------------------------------------------------------------------------------------------------------------------------------------------+
; Analysis & Synthesis Source Files Read                                                                                                                                                           ;
+----------------------------------+-----------------+------------------------------------+----------------------------------------------------------------------------------------------+---------+
; File Name with User-Entered Path ; Used in Netlist ; File Type                          ; File Name with Absolute Path                                                                 ; Library ;
+----------------------------------+-----------------+------------------------------------+----------------------------------------------------------------------------------------------+---------+
; Register_8bit.bdf                ; yes             ; User Block Diagram/Schematic File  ; C:/altera/13.0sp1/projectQuartus/task1_SRA_left-edge_algorithm/Register_8bit.bdf             ;         ;
; Half_Adder.bdf                   ; yes             ; User Block Diagram/Schematic File  ; C:/altera/13.0sp1/projectQuartus/task1_SRA_left-edge_algorithm/Half_Adder.bdf                ;         ;
; Full_Adder.bdf                   ; yes             ; User Block Diagram/Schematic File  ; C:/altera/13.0sp1/projectQuartus/task1_SRA_left-edge_algorithm/Full_Adder.bdf                ;         ;
; Square-root_approximation.bdf    ; yes             ; User Block Diagram/Schematic File  ; C:/altera/13.0sp1/projectQuartus/task1_SRA_left-edge_algorithm/Square-root_approximation.bdf ;         ;
; Full_Adder_8bit.bdf              ; yes             ; User Block Diagram/Schematic File  ; C:/altera/13.0sp1/projectQuartus/task1_SRA_left-edge_algorithm/Full_Adder_8bit.bdf           ;         ;
; Subtractor.bdf                   ; yes             ; User Block Diagram/Schematic File  ; C:/altera/13.0sp1/projectQuartus/task1_SRA_left-edge_algorithm/Subtractor.bdf                ;         ;
; Subtractor_8bit.bdf              ; yes             ; User Block Diagram/Schematic File  ; C:/altera/13.0sp1/projectQuartus/task1_SRA_left-edge_algorithm/Subtractor_8bit.bdf           ;         ;
; Shift-1-Right_8bit.bdf           ; yes             ; User Block Diagram/Schematic File  ; C:/altera/13.0sp1/projectQuartus/task1_SRA_left-edge_algorithm/Shift-1-Right_8bit.bdf        ;         ;
; Shift-3-Right_8bit.bdf           ; yes             ; User Block Diagram/Schematic File  ; C:/altera/13.0sp1/projectQuartus/task1_SRA_left-edge_algorithm/Shift-3-Right_8bit.bdf        ;         ;
; Max_8bit.bdf                     ; yes             ; User Block Diagram/Schematic File  ; C:/altera/13.0sp1/projectQuartus/task1_SRA_left-edge_algorithm/Max_8bit.bdf                  ;         ;
; Min_8bit.bdf                     ; yes             ; User Block Diagram/Schematic File  ; C:/altera/13.0sp1/projectQuartus/task1_SRA_left-edge_algorithm/Min_8bit.bdf                  ;         ;
; Absolute_8bit.bdf                ; yes             ; User Block Diagram/Schematic File  ; C:/altera/13.0sp1/projectQuartus/task1_SRA_left-edge_algorithm/Absolute_8bit.bdf             ;         ;
; Datapath.bdf                     ; yes             ; User Block Diagram/Schematic File  ; C:/altera/13.0sp1/projectQuartus/task1_SRA_left-edge_algorithm/Datapath.bdf                  ;         ;
; Mux_5to1_8bit.bdf                ; yes             ; User Block Diagram/Schematic File  ; C:/altera/13.0sp1/projectQuartus/task1_SRA_left-edge_algorithm/Mux_5to1_8bit.bdf             ;         ;
; Mux_3to1_8bit.bdf                ; yes             ; User Block Diagram/Schematic File  ; C:/altera/13.0sp1/projectQuartus/task1_SRA_left-edge_algorithm/Mux_3to1_8bit.bdf             ;         ;
; Present_state.bdf                ; yes             ; User Block Diagram/Schematic File  ; C:/altera/13.0sp1/projectQuartus/task1_SRA_left-edge_algorithm/Present_state.bdf             ;         ;
; Next_state.bdf                   ; yes             ; User Block Diagram/Schematic File  ; C:/altera/13.0sp1/projectQuartus/task1_SRA_left-edge_algorithm/Next_state.bdf                ;         ;
; Logic_output.bdf                 ; yes             ; User Block Diagram/Schematic File  ; C:/altera/13.0sp1/projectQuartus/task1_SRA_left-edge_algorithm/Logic_output.bdf              ;         ;
; Controller.bdf                   ; yes             ; User Block Diagram/Schematic File  ; C:/altera/13.0sp1/projectQuartus/task1_SRA_left-edge_algorithm/Controller.bdf                ;         ;
; Haft_Sub.bdf                     ; yes             ; User Block Diagram/Schematic File  ; C:/altera/13.0sp1/projectQuartus/task1_SRA_left-edge_algorithm/Haft_Sub.bdf                  ;         ;
; busmux.tdf                       ; yes             ; Megafunction                       ; c:/altera/13.0sp1/quartus/libraries/megafunctions/busmux.tdf                                 ;         ;
; lpm_mux.inc                      ; yes             ; Megafunction                       ; c:/altera/13.0sp1/quartus/libraries/megafunctions/lpm_mux.inc                                ;         ;
; lpm_mux.tdf                      ; yes             ; Megafunction                       ; c:/altera/13.0sp1/quartus/libraries/megafunctions/lpm_mux.tdf                                ;         ;
; aglobal130.inc                   ; yes             ; Megafunction                       ; c:/altera/13.0sp1/quartus/libraries/megafunctions/aglobal130.inc                             ;         ;
; muxlut.inc                       ; yes             ; Megafunction                       ; c:/altera/13.0sp1/quartus/libraries/megafunctions/muxlut.inc                                 ;         ;
; bypassff.inc                     ; yes             ; Megafunction                       ; c:/altera/13.0sp1/quartus/libraries/megafunctions/bypassff.inc                               ;         ;
; altshift.inc                     ; yes             ; Megafunction                       ; c:/altera/13.0sp1/quartus/libraries/megafunctions/altshift.inc                               ;         ;
; db/mux_smc.tdf                   ; yes             ; Auto-Generated Megafunction        ; C:/altera/13.0sp1/projectQuartus/task1_SRA_left-edge_algorithm/db/mux_smc.tdf                ;         ;
+----------------------------------+-----------------+------------------------------------+----------------------------------------------------------------------------------------------+---------+


+-----------------------------------------------------+
; Analysis & Synthesis Resource Usage Summary         ;
+---------------------------------------------+-------+
; Resource                                    ; Usage ;
+---------------------------------------------+-------+
; Estimated Total logic elements              ; 106   ;
;                                             ;       ;
; Total combinational functions               ; 106   ;
; Logic element usage by number of LUT inputs ;       ;
;     -- 4 input functions                    ; 66    ;
;     -- 3 input functions                    ; 32    ;
;     -- <=2 input functions                  ; 8     ;
;                                             ;       ;
; Logic elements by mode                      ;       ;
;     -- normal mode                          ; 106   ;
;     -- arithmetic mode                      ; 0     ;
;                                             ;       ;
; Total registers                             ; 27    ;
;     -- Dedicated logic registers            ; 27    ;
;     -- I/O registers                        ; 0     ;
;                                             ;       ;
; I/O pins                                    ; 29    ;
; Embedded Multiplier 9-bit elements          ; 0     ;
; Maximum fan-out node                        ; Clk   ;
; Maximum fan-out                             ; 27    ;
; Total fan-out                               ; 455   ;
; Average fan-out                             ; 2.81  ;
+---------------------------------------------+-------+


+----------------------------------------------------------------------------------------------------------------------------------------------------------------------------------------------------------------------------------------------------------------------------------------+
; Analysis & Synthesis Resource Utilization by Entity                                                                                                                                                                                                                                    ;
+-----------------------------------------+-------------------+--------------+-------------+--------------+---------+-----------+------+--------------+-------------------------------------------------------------------------------------------------------------------+--------------+
; Compilation Hierarchy Node              ; LC Combinationals ; LC Registers ; Memory Bits ; DSP Elements ; DSP 9x9 ; DSP 18x18 ; Pins ; Virtual Pins ; Full Hierarchy Name                                                                                               ; Library Name ;
+-----------------------------------------+-------------------+--------------+-------------+--------------+---------+-----------+------+--------------+-------------------------------------------------------------------------------------------------------------------+--------------+
; |Square-root_approximation              ; 106 (0)           ; 27 (0)       ; 0           ; 0            ; 0       ; 0         ; 29   ; 0            ; |Square-root_approximation                                                                                        ; work         ;
;    |Controller:inst1|                   ; 9 (0)             ; 3 (0)        ; 0           ; 0            ; 0       ; 0         ; 0    ; 0            ; |Square-root_approximation|Controller:inst1                                                                       ; work         ;
;       |Logic_output:inst2|              ; 5 (5)             ; 0 (0)        ; 0           ; 0            ; 0       ; 0         ; 0    ; 0            ; |Square-root_approximation|Controller:inst1|Logic_output:inst2                                                    ; work         ;
;       |Next_state:inst3|                ; 4 (4)             ; 0 (0)        ; 0           ; 0            ; 0       ; 0         ; 0    ; 0            ; |Square-root_approximation|Controller:inst1|Next_state:inst3                                                      ; work         ;
;       |Present_state:inst|              ; 0 (0)             ; 3 (3)        ; 0           ; 0            ; 0       ; 0         ; 0    ; 0            ; |Square-root_approximation|Controller:inst1|Present_state:inst                                                    ; work         ;
;    |Datapath:inst|                      ; 97 (0)            ; 24 (0)       ; 0           ; 0            ; 0       ; 0         ; 0    ; 0            ; |Square-root_approximation|Datapath:inst                                                                          ; work         ;
;       |Absolute_8bit:inst4|             ; 5 (0)             ; 0 (0)        ; 0           ; 0            ; 0       ; 0         ; 0    ; 0            ; |Square-root_approximation|Datapath:inst|Absolute_8bit:inst4                                                      ; work         ;
;          |Subtractor_8bit:inst|         ; 5 (0)             ; 0 (0)        ; 0           ; 0            ; 0       ; 0         ; 0    ; 0            ; |Square-root_approximation|Datapath:inst|Absolute_8bit:inst4|Subtractor_8bit:inst                                 ; work         ;
;             |Subtractor:inst1|          ; 1 (0)             ; 0 (0)        ; 0           ; 0            ; 0       ; 0         ; 0    ; 0            ; |Square-root_approximation|Datapath:inst|Absolute_8bit:inst4|Subtractor_8bit:inst|Subtractor:inst1                ; work         ;
;                |Haft_Sub:inst1|         ; 1 (1)             ; 0 (0)        ; 0           ; 0            ; 0       ; 0         ; 0    ; 0            ; |Square-root_approximation|Datapath:inst|Absolute_8bit:inst4|Subtractor_8bit:inst|Subtractor:inst1|Haft_Sub:inst1 ; work         ;
;             |Subtractor:inst2|          ; 1 (0)             ; 0 (0)        ; 0           ; 0            ; 0       ; 0         ; 0    ; 0            ; |Square-root_approximation|Datapath:inst|Absolute_8bit:inst4|Subtractor_8bit:inst|Subtractor:inst2                ; work         ;
;                |Haft_Sub:inst1|         ; 1 (1)             ; 0 (0)        ; 0           ; 0            ; 0       ; 0         ; 0    ; 0            ; |Square-root_approximation|Datapath:inst|Absolute_8bit:inst4|Subtractor_8bit:inst|Subtractor:inst2|Haft_Sub:inst1 ; work         ;
;             |Subtractor:inst4|          ; 2 (1)             ; 0 (0)        ; 0           ; 0            ; 0       ; 0         ; 0    ; 0            ; |Square-root_approximation|Datapath:inst|Absolute_8bit:inst4|Subtractor_8bit:inst|Subtractor:inst4                ; work         ;
;                |Haft_Sub:inst1|         ; 1 (1)             ; 0 (0)        ; 0           ; 0            ; 0       ; 0         ; 0    ; 0            ; |Square-root_approximation|Datapath:inst|Absolute_8bit:inst4|Subtractor_8bit:inst|Subtractor:inst4|Haft_Sub:inst1 ; work         ;
;             |Subtractor:inst5|          ; 1 (0)             ; 0 (0)        ; 0           ; 0            ; 0       ; 0         ; 0    ; 0            ; |Square-root_approximation|Datapath:inst|Absolute_8bit:inst4|Subtractor_8bit:inst|Subtractor:inst5                ; work         ;
;                |Haft_Sub:inst1|         ; 1 (1)             ; 0 (0)        ; 0           ; 0            ; 0       ; 0         ; 0    ; 0            ; |Square-root_approximation|Datapath:inst|Absolute_8bit:inst4|Subtractor_8bit:inst|Subtractor:inst5|Haft_Sub:inst1 ; work         ;
;       |Absolute_8bit:inst5|             ; 5 (0)             ; 0 (0)        ; 0           ; 0            ; 0       ; 0         ; 0    ; 0            ; |Square-root_approximation|Datapath:inst|Absolute_8bit:inst5                                                      ; work         ;
;          |Subtractor_8bit:inst|         ; 5 (0)             ; 0 (0)        ; 0           ; 0            ; 0       ; 0         ; 0    ; 0            ; |Square-root_approximation|Datapath:inst|Absolute_8bit:inst5|Subtractor_8bit:inst                                 ; work         ;
;             |Subtractor:inst2|          ; 2 (1)             ; 0 (0)        ; 0           ; 0            ; 0       ; 0         ; 0    ; 0            ; |Square-root_approximation|Datapath:inst|Absolute_8bit:inst5|Subtractor_8bit:inst|Subtractor:inst2                ; work         ;
;                |Haft_Sub:inst1|         ; 1 (1)             ; 0 (0)        ; 0           ; 0            ; 0       ; 0         ; 0    ; 0            ; |Square-root_approximation|Datapath:inst|Absolute_8bit:inst5|Subtractor_8bit:inst|Subtractor:inst2|Haft_Sub:inst1 ; work         ;
;             |Subtractor:inst4|          ; 2 (1)             ; 0 (0)        ; 0           ; 0            ; 0       ; 0         ; 0    ; 0            ; |Square-root_approximation|Datapath:inst|Absolute_8bit:inst5|Subtractor_8bit:inst|Subtractor:inst4                ; work         ;
;                |Haft_Sub:inst1|         ; 1 (1)             ; 0 (0)        ; 0           ; 0            ; 0       ; 0         ; 0    ; 0            ; |Square-root_approximation|Datapath:inst|Absolute_8bit:inst5|Subtractor_8bit:inst|Subtractor:inst4|Haft_Sub:inst1 ; work         ;
;             |Subtractor:inst6|          ; 1 (1)             ; 0 (0)        ; 0           ; 0            ; 0       ; 0         ; 0    ; 0            ; |Square-root_approximation|Datapath:inst|Absolute_8bit:inst5|Subtractor_8bit:inst|Subtractor:inst6                ; work         ;
;       |Full_Adder_8bit:inst7|           ; 11 (0)            ; 0 (0)        ; 0           ; 0            ; 0       ; 0         ; 0    ; 0            ; |Square-root_approximation|Datapath:inst|Full_Adder_8bit:inst7                                                    ; work         ;
;          |Full_Adder:inst17|            ; 1 (0)             ; 0 (0)        ; 0           ; 0            ; 0       ; 0         ; 0    ; 0            ; |Square-root_approximation|Datapath:inst|Full_Adder_8bit:inst7|Full_Adder:inst17                                  ; work         ;
;             |Half_Adder:inst1|          ; 1 (1)             ; 0 (0)        ; 0           ; 0            ; 0       ; 0         ; 0    ; 0            ; |Square-root_approximation|Datapath:inst|Full_Adder_8bit:inst7|Full_Adder:inst17|Half_Adder:inst1                 ; work         ;
;          |Full_Adder:inst18|            ; 2 (1)             ; 0 (0)        ; 0           ; 0            ; 0       ; 0         ; 0    ; 0            ; |Square-root_approximation|Datapath:inst|Full_Adder_8bit:inst7|Full_Adder:inst18                                  ; work         ;
;             |Half_Adder:inst1|          ; 1 (1)             ; 0 (0)        ; 0           ; 0            ; 0       ; 0         ; 0    ; 0            ; |Square-root_approximation|Datapath:inst|Full_Adder_8bit:inst7|Full_Adder:inst18|Half_Adder:inst1                 ; work         ;
;          |Full_Adder:inst19|            ; 2 (2)             ; 0 (0)        ; 0           ; 0            ; 0       ; 0         ; 0    ; 0            ; |Square-root_approximation|Datapath:inst|Full_Adder_8bit:inst7|Full_Adder:inst19                                  ; work         ;
;          |Full_Adder:inst20|            ; 2 (1)             ; 0 (0)        ; 0           ; 0            ; 0       ; 0         ; 0    ; 0            ; |Square-root_approximation|Datapath:inst|Full_Adder_8bit:inst7|Full_Adder:inst20                                  ; work         ;
;             |Half_Adder:inst1|          ; 1 (1)             ; 0 (0)        ; 0           ; 0            ; 0       ; 0         ; 0    ; 0            ; |Square-root_approximation|Datapath:inst|Full_Adder_8bit:inst7|Full_Adder:inst20|Half_Adder:inst1                 ; work         ;
;          |Full_Adder:inst21|            ; 3 (2)             ; 0 (0)        ; 0           ; 0            ; 0       ; 0         ; 0    ; 0            ; |Square-root_approximation|Datapath:inst|Full_Adder_8bit:inst7|Full_Adder:inst21                                  ; work         ;
;             |Half_Adder:inst1|          ; 1 (1)             ; 0 (0)        ; 0           ; 0            ; 0       ; 0         ; 0    ; 0            ; |Square-root_approximation|Datapath:inst|Full_Adder_8bit:inst7|Full_Adder:inst21|Half_Adder:inst1                 ; work         ;
;          |Full_Adder:inst22|            ; 1 (1)             ; 0 (0)        ; 0           ; 0            ; 0       ; 0         ; 0    ; 0            ; |Square-root_approximation|Datapath:inst|Full_Adder_8bit:inst7|Full_Adder:inst22                                  ; work         ;
;       |Max_8bit:inst|                   ; 7 (0)             ; 0 (0)        ; 0           ; 0            ; 0       ; 0         ; 0    ; 0            ; |Square-root_approximation|Datapath:inst|Max_8bit:inst                                                            ; work         ;
;          |Subtractor_8bit:inst|         ; 7 (0)             ; 0 (0)        ; 0           ; 0            ; 0       ; 0         ; 0    ; 0            ; |Square-root_approximation|Datapath:inst|Max_8bit:inst|Subtractor_8bit:inst                                       ; work         ;
;             |Subtractor:inst|           ; 7 (7)             ; 0 (0)        ; 0           ; 0            ; 0       ; 0         ; 0    ; 0            ; |Square-root_approximation|Datapath:inst|Max_8bit:inst|Subtractor_8bit:inst|Subtractor:inst                       ; work         ;
;       |Mux_3to1_8bit:inst6|             ; 17 (0)            ; 0 (0)        ; 0           ; 0            ; 0       ; 0         ; 0    ; 0            ; |Square-root_approximation|Datapath:inst|Mux_3to1_8bit:inst6                                                      ; work         ;
;          |busmux:inst2|                 ; 17 (0)            ; 0 (0)        ; 0           ; 0            ; 0       ; 0         ; 0    ; 0            ; |Square-root_approximation|Datapath:inst|Mux_3to1_8bit:inst6|busmux:inst2                                         ; work         ;
;             |lpm_mux:$00000|            ; 17 (0)            ; 0 (0)        ; 0           ; 0            ; 0       ; 0         ; 0    ; 0            ; |Square-root_approximation|Datapath:inst|Mux_3to1_8bit:inst6|busmux:inst2|lpm_mux:$00000                          ; work         ;
;                |mux_smc:auto_generated| ; 17 (17)           ; 0 (0)        ; 0           ; 0            ; 0       ; 0         ; 0    ; 0            ; |Square-root_approximation|Datapath:inst|Mux_3to1_8bit:inst6|busmux:inst2|lpm_mux:$00000|mux_smc:auto_generated   ; work         ;
;       |Mux_5to1_8bit:inst23|            ; 30 (0)            ; 0 (0)        ; 0           ; 0            ; 0       ; 0         ; 0    ; 0            ; |Square-root_approximation|Datapath:inst|Mux_5to1_8bit:inst23                                                     ; work         ;
;          |busmux:inst2|                 ; 3 (0)             ; 0 (0)        ; 0           ; 0            ; 0       ; 0         ; 0    ; 0            ; |Square-root_approximation|Datapath:inst|Mux_5to1_8bit:inst23|busmux:inst2                                        ; work         ;
;             |lpm_mux:$00000|            ; 3 (0)             ; 0 (0)        ; 0           ; 0            ; 0       ; 0         ; 0    ; 0            ; |Square-root_approximation|Datapath:inst|Mux_5to1_8bit:inst23|busmux:inst2|lpm_mux:$00000                         ; work         ;
;                |mux_smc:auto_generated| ; 3 (3)             ; 0 (0)        ; 0           ; 0            ; 0       ; 0         ; 0    ; 0            ; |Square-root_approximation|Datapath:inst|Mux_5to1_8bit:inst23|busmux:inst2|lpm_mux:$00000|mux_smc:auto_generated  ; work         ;
;          |busmux:inst4|                 ; 27 (0)            ; 0 (0)        ; 0           ; 0            ; 0       ; 0         ; 0    ; 0            ; |Square-root_approximation|Datapath:inst|Mux_5to1_8bit:inst23|busmux:inst4                                        ; work         ;
;             |lpm_mux:$00000|            ; 27 (0)            ; 0 (0)        ; 0           ; 0            ; 0       ; 0         ; 0    ; 0            ; |Square-root_approximation|Datapath:inst|Mux_5to1_8bit:inst23|busmux:inst4|lpm_mux:$00000                         ; work         ;
;                |mux_smc:auto_generated| ; 27 (27)           ; 0 (0)        ; 0           ; 0            ; 0       ; 0         ; 0    ; 0            ; |Square-root_approximation|Datapath:inst|Mux_5to1_8bit:inst23|busmux:inst4|lpm_mux:$00000|mux_smc:auto_generated  ; work         ;
;       |Register_8bit:inst10|            ; 2 (2)             ; 8 (8)        ; 0           ; 0            ; 0       ; 0         ; 0    ; 0            ; |Square-root_approximation|Datapath:inst|Register_8bit:inst10                                                     ; work         ;
;       |Register_8bit:inst11|            ; 0 (0)             ; 8 (8)        ; 0           ; 0            ; 0       ; 0         ; 0    ; 0            ; |Square-root_approximation|Datapath:inst|Register_8bit:inst11                                                     ; work         ;
;       |Register_8bit:inst9|             ; 2 (2)             ; 8 (8)        ; 0           ; 0            ; 0       ; 0         ; 0    ; 0            ; |Square-root_approximation|Datapath:inst|Register_8bit:inst9                                                      ; work         ;
;       |Subtractor_8bit:inst16|          ; 10 (0)            ; 0 (0)        ; 0           ; 0            ; 0       ; 0         ; 0    ; 0            ; |Square-root_approximation|Datapath:inst|Subtractor_8bit:inst16                                                   ; work         ;
;          |Subtractor:inst1|             ; 1 (1)             ; 0 (0)        ; 0           ; 0            ; 0       ; 0         ; 0    ; 0            ; |Square-root_approximation|Datapath:inst|Subtractor_8bit:inst16|Subtractor:inst1                                  ; work         ;
;          |Subtractor:inst2|             ; 1 (1)             ; 0 (0)        ; 0           ; 0            ; 0       ; 0         ; 0    ; 0            ; |Square-root_approximation|Datapath:inst|Subtractor_8bit:inst16|Subtractor:inst2                                  ; work         ;
;          |Subtractor:inst3|             ; 2 (1)             ; 0 (0)        ; 0           ; 0            ; 0       ; 0         ; 0    ; 0            ; |Square-root_approximation|Datapath:inst|Subtractor_8bit:inst16|Subtractor:inst3                                  ; work         ;
;             |Haft_Sub:inst|             ; 1 (1)             ; 0 (0)        ; 0           ; 0            ; 0       ; 0         ; 0    ; 0            ; |Square-root_approximation|Datapath:inst|Subtractor_8bit:inst16|Subtractor:inst3|Haft_Sub:inst                    ; work         ;
;          |Subtractor:inst4|             ; 2 (1)             ; 0 (0)        ; 0           ; 0            ; 0       ; 0         ; 0    ; 0            ; |Square-root_approximation|Datapath:inst|Subtractor_8bit:inst16|Subtractor:inst4                                  ; work         ;
;             |Haft_Sub:inst|             ; 1 (1)             ; 0 (0)        ; 0           ; 0            ; 0       ; 0         ; 0    ; 0            ; |Square-root_approximation|Datapath:inst|Subtractor_8bit:inst16|Subtractor:inst4|Haft_Sub:inst                    ; work         ;
;          |Subtractor:inst5|             ; 2 (1)             ; 0 (0)        ; 0           ; 0            ; 0       ; 0         ; 0    ; 0            ; |Square-root_approximation|Datapath:inst|Subtractor_8bit:inst16|Subtractor:inst5                                  ; work         ;
;             |Haft_Sub:inst|             ; 1 (1)             ; 0 (0)        ; 0           ; 0            ; 0       ; 0         ; 0    ; 0            ; |Square-root_approximation|Datapath:inst|Subtractor_8bit:inst16|Subtractor:inst5|Haft_Sub:inst                    ; work         ;
;          |Subtractor:inst6|             ; 2 (1)             ; 0 (0)        ; 0           ; 0            ; 0       ; 0         ; 0    ; 0            ; |Square-root_approximation|Datapath:inst|Subtractor_8bit:inst16|Subtractor:inst6                                  ; work         ;
;             |Haft_Sub:inst1|            ; 1 (1)             ; 0 (0)        ; 0           ; 0            ; 0       ; 0         ; 0    ; 0            ; |Square-root_approximation|Datapath:inst|Subtractor_8bit:inst16|Subtractor:inst6|Haft_Sub:inst1                   ; work         ;
;       |busmux:inst8|                    ; 8 (0)             ; 0 (0)        ; 0           ; 0            ; 0       ; 0         ; 0    ; 0            ; |Square-root_approximation|Datapath:inst|busmux:inst8                                                             ; work         ;
;          |lpm_mux:$00000|               ; 8 (0)             ; 0 (0)        ; 0           ; 0            ; 0       ; 0         ; 0    ; 0            ; |Square-root_approximation|Datapath:inst|busmux:inst8|lpm_mux:$00000                                              ; work         ;
;             |mux_smc:auto_generated|    ; 8 (8)             ; 0 (0)        ; 0           ; 0            ; 0       ; 0         ; 0    ; 0            ; |Square-root_approximation|Datapath:inst|busmux:inst8|lpm_mux:$00000|mux_smc:auto_generated                       ; work         ;
+-----------------------------------------+-------------------+--------------+-------------+--------------+---------+-----------+------+--------------+-------------------------------------------------------------------------------------------------------------------+--------------+
Note: For table entries with two numbers listed, the numbers in parentheses indicate the number of resources of the given type used by the specific entity alone. The numbers listed outside of parentheses indicate the total resources of the given type used by the specific entity and all of its sub-entities in the hierarchy.


+------------------------------------------------------+
; General Register Statistics                          ;
+----------------------------------------------+-------+
; Statistic                                    ; Value ;
+----------------------------------------------+-------+
; Total registers                              ; 27    ;
; Number of registers using Synchronous Clear  ; 0     ;
; Number of registers using Synchronous Load   ; 0     ;
; Number of registers using Asynchronous Clear ; 0     ;
; Number of registers using Asynchronous Load  ; 0     ;
; Number of registers using Clock Enable       ; 6     ;
; Number of registers using Preset             ; 0     ;
+----------------------------------------------+-------+


+------------------------------------------------------------------------------------------------------------------------------------------------------------------------------------+
; Multiplexer Restructuring Statistics (Restructuring Performed)                                                                                                                     ;
+--------------------+-----------+---------------+----------------------+------------------------+------------+----------------------------------------------------------------------+
; Multiplexer Inputs ; Bus Width ; Baseline Area ; Area if Restructured ; Saving if Restructured ; Registered ; Example Multiplexer Output                                           ;
+--------------------+-----------+---------------+----------------------+------------------------+------------+----------------------------------------------------------------------+
; 7:1                ; 6 bits    ; 24 LEs        ; 18 LEs               ; 6 LEs                  ; Yes        ; |Square-root_approximation|Datapath:inst|Register_8bit:inst10|inst12 ;
; 5:1                ; 6 bits    ; 18 LEs        ; 12 LEs               ; 6 LEs                  ; Yes        ; |Square-root_approximation|Datapath:inst|Register_8bit:inst9|inst12  ;
+--------------------+-----------+---------------+----------------------+------------------------+------------+----------------------------------------------------------------------+


+---------------------------------------------------------------------------------------------+
; Parameter Settings for User Entity Instance: Datapath:inst|Mux_3to1_8bit:inst6|BUSMUX:inst2 ;
+----------------+-------+--------------------------------------------------------------------+
; Parameter Name ; Value ; Type                                                               ;
+----------------+-------+--------------------------------------------------------------------+
; WIDTH          ; 8     ; Signed Integer                                                     ;
+----------------+-------+--------------------------------------------------------------------+
Note: In order to hide this table in the UI and the text report file, please set the "Show Parameter Settings in Synthesis Report" option in "Analysis and Synthesis Settings -> More Settings" to "Off".


+--------------------------------------------------------------------------------------------+
; Parameter Settings for User Entity Instance: Datapath:inst|Mux_3to1_8bit:inst6|BUSMUX:inst ;
+----------------+-------+-------------------------------------------------------------------+
; Parameter Name ; Value ; Type                                                              ;
+----------------+-------+-------------------------------------------------------------------+
; WIDTH          ; 8     ; Signed Integer                                                    ;
+----------------+-------+-------------------------------------------------------------------+
Note: In order to hide this table in the UI and the text report file, please set the "Show Parameter Settings in Synthesis Report" option in "Analysis and Synthesis Settings -> More Settings" to "Off".


+---------------------------------------------------------------------------------------------+
; Parameter Settings for User Entity Instance: Datapath:inst|Absolute_8bit:inst5|BUSMUX:inst1 ;
+----------------+-------+--------------------------------------------------------------------+
; Parameter Name ; Value ; Type                                                               ;
+----------------+-------+--------------------------------------------------------------------+
; WIDTH          ; 8     ; Signed Integer                                                     ;
+----------------+-------+--------------------------------------------------------------------+
Note: In order to hide this table in the UI and the text report file, please set the "Show Parameter Settings in Synthesis Report" option in "Analysis and Synthesis Settings -> More Settings" to "Off".


+---------------------------------------------------------------------------------------+
; Parameter Settings for User Entity Instance: Datapath:inst|Max_8bit:inst|BUSMUX:inst1 ;
+----------------+-------+--------------------------------------------------------------+
; Parameter Name ; Value ; Type                                                         ;
+----------------+-------+--------------------------------------------------------------+
; WIDTH          ; 8     ; Signed Integer                                               ;
+----------------+-------+--------------------------------------------------------------+
Note: In order to hide this table in the UI and the text report file, please set the "Show Parameter Settings in Synthesis Report" option in "Analysis and Synthesis Settings -> More Settings" to "Off".


+----------------------------------------------------------------------------------------------+
; Parameter Settings for User Entity Instance: Datapath:inst|Mux_5to1_8bit:inst23|BUSMUX:inst4 ;
+----------------+-------+---------------------------------------------------------------------+
; Parameter Name ; Value ; Type                                                                ;
+----------------+-------+---------------------------------------------------------------------+
; WIDTH          ; 8     ; Signed Integer                                                      ;
+----------------+-------+---------------------------------------------------------------------+
Note: In order to hide this table in the UI and the text report file, please set the "Show Parameter Settings in Synthesis Report" option in "Analysis and Synthesis Settings -> More Settings" to "Off".


+----------------------------------------------------------------------------------------------+
; Parameter Settings for User Entity Instance: Datapath:inst|Mux_5to1_8bit:inst23|BUSMUX:inst2 ;
+----------------+-------+---------------------------------------------------------------------+
; Parameter Name ; Value ; Type                                                                ;
+----------------+-------+---------------------------------------------------------------------+
; WIDTH          ; 8     ; Signed Integer                                                      ;
+----------------+-------+---------------------------------------------------------------------+
Note: In order to hide this table in the UI and the text report file, please set the "Show Parameter Settings in Synthesis Report" option in "Analysis and Synthesis Settings -> More Settings" to "Off".


+---------------------------------------------------------------------------------------------+
; Parameter Settings for User Entity Instance: Datapath:inst|Mux_5to1_8bit:inst23|BUSMUX:inst ;
+----------------+-------+--------------------------------------------------------------------+
; Parameter Name ; Value ; Type                                                               ;
+----------------+-------+--------------------------------------------------------------------+
; WIDTH          ; 8     ; Signed Integer                                                     ;
+----------------+-------+--------------------------------------------------------------------+
Note: In order to hide this table in the UI and the text report file, please set the "Show Parameter Settings in Synthesis Report" option in "Analysis and Synthesis Settings -> More Settings" to "Off".


+----------------------------------------------------------------------------------------------+
; Parameter Settings for User Entity Instance: Datapath:inst|Mux_5to1_8bit:inst23|BUSMUX:inst1 ;
+----------------+-------+---------------------------------------------------------------------+
; Parameter Name ; Value ; Type                                                                ;
+----------------+-------+---------------------------------------------------------------------+
; WIDTH          ; 8     ; Signed Integer                                                      ;
+----------------+-------+---------------------------------------------------------------------+
Note: In order to hide this table in the UI and the text report file, please set the "Show Parameter Settings in Synthesis Report" option in "Analysis and Synthesis Settings -> More Settings" to "Off".


+----------------------------------------------------------------------------------------+
; Parameter Settings for User Entity Instance: Datapath:inst|Min_8bit:inst1|BUSMUX:inst1 ;
+----------------+-------+---------------------------------------------------------------+
; Parameter Name ; Value ; Type                                                          ;
+----------------+-------+---------------------------------------------------------------+
; WIDTH          ; 8     ; Signed Integer                                                ;
+----------------+-------+---------------------------------------------------------------+
Note: In order to hide this table in the UI and the text report file, please set the "Show Parameter Settings in Synthesis Report" option in "Analysis and Synthesis Settings -> More Settings" to "Off".


+---------------------------------------------------------------------------------------------+
; Parameter Settings for User Entity Instance: Datapath:inst|Absolute_8bit:inst4|BUSMUX:inst1 ;
+----------------+-------+--------------------------------------------------------------------+
; Parameter Name ; Value ; Type                                                               ;
+----------------+-------+--------------------------------------------------------------------+
; WIDTH          ; 8     ; Signed Integer                                                     ;
+----------------+-------+--------------------------------------------------------------------+
Note: In order to hide this table in the UI and the text report file, please set the "Show Parameter Settings in Synthesis Report" option in "Analysis and Synthesis Settings -> More Settings" to "Off".


+-------------------------------------------------------------------------+
; Parameter Settings for User Entity Instance: Datapath:inst|BUSMUX:inst8 ;
+----------------+-------+------------------------------------------------+
; Parameter Name ; Value ; Type                                           ;
+----------------+-------+------------------------------------------------+
; WIDTH          ; 8     ; Signed Integer                                 ;
+----------------+-------+------------------------------------------------+
Note: In order to hide this table in the UI and the text report file, please set the "Show Parameter Settings in Synthesis Report" option in "Analysis and Synthesis Settings -> More Settings" to "Off".


+-------------------------------+
; Elapsed Time Per Partition    ;
+----------------+--------------+
; Partition Name ; Elapsed Time ;
+----------------+--------------+
; Top            ; 00:00:00     ;
+----------------+--------------+


+-------------------------------+
; Analysis & Synthesis Messages ;
+-------------------------------+
Info: *******************************************************************
Info: Running Quartus II 64-Bit Analysis & Synthesis
    Info: Version 13.0.1 Build 232 06/12/2013 Service Pack 1 SJ Web Edition
    Info: Processing started: Thu Jun 08 12:40:47 2023
Info: Command: quartus_map --read_settings_files=on --write_settings_files=off Square-root_approximation -c Square-root_approximation
Warning (20028): Parallel compilation is not licensed and has been disabled
Info (12021): Found 1 design units, including 1 entities, in source file register_8bit.bdf
    Info (12023): Found entity 1: Register_8bit
Info (12021): Found 1 design units, including 1 entities, in source file half_adder.bdf
    Info (12023): Found entity 1: Half_Adder
Info (12021): Found 1 design units, including 1 entities, in source file full_adder.bdf
    Info (12023): Found entity 1: Full_Adder
Info (12021): Found 1 design units, including 1 entities, in source file square-root_approximation.bdf
    Info (12023): Found entity 1: Square-root_approximation
Info (12021): Found 1 design units, including 1 entities, in source file full_adder_8bit.bdf
    Info (12023): Found entity 1: Full_Adder_8bit
Info (12021): Found 1 design units, including 1 entities, in source file subtractor.bdf
    Info (12023): Found entity 1: Subtractor
Info (12021): Found 1 design units, including 1 entities, in source file subtractor_8bit.bdf
    Info (12023): Found entity 1: Subtractor_8bit
Info (12021): Found 1 design units, including 1 entities, in source file shift-1-right_8bit.bdf
    Info (12023): Found entity 1: Shift-1-Right_8bit
Info (12021): Found 1 design units, including 1 entities, in source file shift-3-right_8bit.bdf
    Info (12023): Found entity 1: Shift-3-Right_8bit
Info (12021): Found 1 design units, including 1 entities, in source file max_8bit.bdf
    Info (12023): Found entity 1: Max_8bit
Info (12021): Found 1 design units, including 1 entities, in source file min_8bit.bdf
    Info (12023): Found entity 1: Min_8bit
Info (12021): Found 1 design units, including 1 entities, in source file absolute_8bit.bdf
    Info (12023): Found entity 1: Absolute_8bit
Info (12021): Found 1 design units, including 1 entities, in source file mux_4to1_8bit.bdf
    Info (12023): Found entity 1: Mux_4to1_8bit
Info (12021): Found 1 design units, including 1 entities, in source file datapath.bdf
    Info (12023): Found entity 1: Datapath
Info (12021): Found 1 design units, including 1 entities, in source file mux_5to1_8bit.bdf
    Info (12023): Found entity 1: Mux_5to1_8bit
Info (12021): Found 1 design units, including 1 entities, in source file mux_3to1_8bit.bdf
    Info (12023): Found entity 1: Mux_3to1_8bit
Info (12021): Found 1 design units, including 1 entities, in source file present_state.bdf
    Info (12023): Found entity 1: Present_state
Info (12021): Found 1 design units, including 1 entities, in source file next_state.bdf
    Info (12023): Found entity 1: Next_state
Info (12021): Found 1 design units, including 1 entities, in source file logic_output.bdf
    Info (12023): Found entity 1: Logic_output
Info (12021): Found 1 design units, including 1 entities, in source file controller.bdf
    Info (12023): Found entity 1: Controller
Info (12021): Found 1 design units, including 1 entities, in source file haft_sub.bdf
    Info (12023): Found entity 1: Haft_Sub
Info (12127): Elaborating entity "Square-root_approximation" for the top level hierarchy
Info (12128): Elaborating entity "Datapath" for hierarchy "Datapath:inst"
Info (12128): Elaborating entity "Register_8bit" for hierarchy "Datapath:inst|Register_8bit:inst9"
Info (12128): Elaborating entity "Mux_3to1_8bit" for hierarchy "Datapath:inst|Mux_3to1_8bit:inst6"
Info (12128): Elaborating entity "BUSMUX" for hierarchy "Datapath:inst|Mux_3to1_8bit:inst6|BUSMUX:inst2"
Info (12130): Elaborated megafunction instantiation "Datapath:inst|Mux_3to1_8bit:inst6|BUSMUX:inst2"
Info (12133): Instantiated megafunction "Datapath:inst|Mux_3to1_8bit:inst6|BUSMUX:inst2" with the following parameter:
    Info (12134): Parameter "WIDTH" = "8"
Info (12128): Elaborating entity "lpm_mux" for hierarchy "Datapath:inst|Mux_3to1_8bit:inst6|BUSMUX:inst2|lpm_mux:$00000"
Info (12131): Elaborated megafunction instantiation "Datapath:inst|Mux_3to1_8bit:inst6|BUSMUX:inst2|lpm_mux:$00000", which is child of megafunction instantiation "Datapath:inst|Mux_3to1_8bit:inst6|BUSMUX:inst2"
Info (12021): Found 1 design units, including 1 entities, in source file db/mux_smc.tdf
    Info (12023): Found entity 1: mux_smc
Info (12128): Elaborating entity "mux_smc" for hierarchy "Datapath:inst|Mux_3to1_8bit:inst6|BUSMUX:inst2|lpm_mux:$00000|mux_smc:auto_generated"
Info (12128): Elaborating entity "Absolute_8bit" for hierarchy "Datapath:inst|Absolute_8bit:inst5"
Info (12128): Elaborating entity "Subtractor_8bit" for hierarchy "Datapath:inst|Absolute_8bit:inst5|Subtractor_8bit:inst"
Info (12128): Elaborating entity "Subtractor" for hierarchy "Datapath:inst|Absolute_8bit:inst5|Subtractor_8bit:inst|Subtractor:inst"
Info (12128): Elaborating entity "Haft_Sub" for hierarchy "Datapath:inst|Absolute_8bit:inst5|Subtractor_8bit:inst|Subtractor:inst|Haft_Sub:inst1"
Info (12128): Elaborating entity "Max_8bit" for hierarchy "Datapath:inst|Max_8bit:inst"
Info (12128): Elaborating entity "Mux_5to1_8bit" for hierarchy "Datapath:inst|Mux_5to1_8bit:inst23"
Info (12128): Elaborating entity "Min_8bit" for hierarchy "Datapath:inst|Min_8bit:inst1"
Info (12128): Elaborating entity "Full_Adder_8bit" for hierarchy "Datapath:inst|Full_Adder_8bit:inst7"
Info (12128): Elaborating entity "Full_Adder" for hierarchy "Datapath:inst|Full_Adder_8bit:inst7|Full_Adder:inst16"
Info (12128): Elaborating entity "Half_Adder" for hierarchy "Datapath:inst|Full_Adder_8bit:inst7|Full_Adder:inst16|Half_Adder:inst1"
Info (12128): Elaborating entity "Shift-3-Right_8bit" for hierarchy "Datapath:inst|Shift-3-Right_8bit:inst13"
Warning (275008): Primitive "GND" of instance "inst15" not used
Info (12128): Elaborating entity "Shift-1-Right_8bit" for hierarchy "Datapath:inst|Shift-1-Right_8bit:inst3"
Warning (275008): Primitive "GND" of instance "inst1" not used
Info (12128): Elaborating entity "Controller" for hierarchy "Controller:inst1"
Info (12128): Elaborating entity "Logic_output" for hierarchy "Controller:inst1|Logic_output:inst2"
Info (12128): Elaborating entity "Present_state" for hierarchy "Controller:inst1|Present_state:inst"
Info (12128): Elaborating entity "Next_state" for hierarchy "Controller:inst1|Next_state:inst3"
Info (16010): Generating hard_block partition "hard_block:auto_generated_inst"
    Info (16011): Adding 0 node(s), including 0 DDIO, 0 PLL, 0 transceiver and 0 LCELL
Info (21057): Implemented 135 device resources after synthesis - the final resource count might be different
    Info (21058): Implemented 18 input pins
    Info (21059): Implemented 11 output pins
    Info (21061): Implemented 106 logic cells
Info: Quartus II 64-Bit Analysis & Synthesis was successful. 0 errors, 3 warnings
    Info: Peak virtual memory: 4615 megabytes
    Info: Processing ended: Thu Jun 08 12:40:49 2023
    Info: Elapsed time: 00:00:02
    Info: Total CPU time (on all processors): 00:00:01


